// Jest Snapshot v1, https://goo.gl/fbAQLP

exports[`<OccupancyPage /> should render and match the snapshot 1`] = `
<React.Fragment>
  <Helmet
    defer={true}
    encodeSpecialCharacters={true}
  >
    <title>
      Occupancy Page
    </title>
    <meta
      content="Room Occupancy Manager"
      name="description"
    />
  </Helmet>
  <Layout>
    <PageHeader
      className="site-page-header"
      subTitle="Calculate the number of guests and revenue"
      title="Room Occupation Manager"
    />
    <Divider
      orientation="left"
      style={
        Object {
          "color": "#333",
          "fontWeight": "normal",
        }
      }
    />
    <Layout>
      <Content
        style={
          Object {
            "padding": "0 50px",
          }
        }
      >
        <Row
          gutter={16}
        >
          <Col
            className="gutter-row"
            span={8}
          >
            <AvailableRoomsForm
              onFinish={[Function]}
              title="Available Rooms"
            />
          </Col>
        </Row>
        <Divider
          orientation="left"
          style={
            Object {
              "color": "#333",
              "fontWeight": "normal",
            }
          }
        />
        <Row
          gutter={16}
        >
          <Col
            span={8}
          >
            <RevenueDetails
              data={
                Object {
                  "currency": "EURO",
                  "free": 0,
                  "total": 0,
                  "usage": 0,
                }
              }
              title="Premiun"
            />
          </Col>
          <Col
            span={8}
          >
            <RevenueDetails
              data={
                Object {
                  "currency": "EURO",
                  "free": 0,
                  "total": 0,
                  "usage": 0,
                }
              }
              title="Economy"
            />
          </Col>
        </Row>
      </Content>
    </Layout>
    <Footer>
      Credits
    </Footer>
  </Layout>
</React.Fragment>
`;
