// Jest Snapshot v1, https://goo.gl/fbAQLP

exports[`<RevenueDetails /> should match the snapshot 1`] = `
<div
  class="ant-card"
>
  <div
    class="ant-card-head"
  >
    <div
      class="ant-card-head-wrapper"
    >
      <div
        class="ant-card-head-title"
      >
        Test
      </div>
    </div>
  </div>
  <div
    class="ant-card-body"
  >
    <p>
      Free: 4
    </p>
    <p>
      Usage: 3
    </p>
    <p>
      Revenue: 1234 EURO
    </p>
  </div>
</div>
`;
